=== 生成記事 ===
15:30〆 🔥蒲郡12R勝負🔥

桐生さんのロケットスタート🚀に期待！毒島さんの捲りも要注意だが、峰さんのインの粘りをどう崩すか。桐生さんの一撃で勝負だ💥

本線
3-1-2
3-2-1
3-1-4
3-4-1

熱男スペシャル💎
3-1-2
3-2-1

抑え
3-2-4

=== SNS投稿文 ===
{
  "x_post": "15:30〆 🔥蒲郡12R勝負🔥桐生さんのロケットスタート🚀で一撃狙い！峰さんのイン粘りを崩せるか？詳細はnoteでチェック➡️ #競艇 #予想 #ガマゴオリ",
  "line_post": "15:30〆 今日の蒲郡12Rで勝負！桐生さんのスタートと峰さんの粘り！これを見逃すな💥 詳しくはこちらからチェックしてね！💻"
}
